// Jest Snapshot v1, https://goo.gl/fbAQLP

exports[`PropertyDropDownValidator unit test and defaults should exist 1`] = `
<input
  name="titleDropDownTested.value"
  type="hidden"
  value=""
/>
`;
