// Jest Snapshot v1, https://goo.gl/fbAQLP

exports[`TitleDropDown unit tests should contain styles 1`] = `
.emotion-0 {
  -webkit-box-flex: 1;
  -webkit-flex-grow: 1;
  -ms-flex-positive: 1;
  flex-grow: 1;
  text-align: right;
  width: 100%;
  height: 59px;
  border-radius: 0.3rem;
}

<input
  class="emotion-0"
  role="input"
/>
`;
