// Jest Snapshot v1, https://goo.gl/fbAQLP

exports[`TitleDropDownValidator unit tests should contain styles 1`] = `
<input
  name="titleDropDownTested.value"
  type="hidden"
  value=""
/>
`;
